// Jest Snapshot v1, https://goo.gl/fbAQLP

exports[`Articles Component renders component 1`] = `
<div>
  <div
    class="row"
  >
    <div
      class="col-md-12"
    />
  </div>
</div>
`;
