// Jest Snapshot v1, https://goo.gl/fbAQLP

exports[`App Component renders component and match ui snapshot to cover UI changes 1`] = `
<div>
  <div>
    <div
      class="container-fluid"
    >
      <div
        class="row"
      >
        <nav
          class="navbar aqua-marine"
        >
          <div
            class="navbar-brand white"
          >
            <div
              class="row"
            >
              <div
                class="col-6"
              >
                <img
                  alt=""
                  class="align"
                  height="20"
                  src="white-menu.jpg"
                  width="20"
                />
                <span
                  class="pad-left"
                >
                  NY Times Most Popular
                </span>
              </div>
              <div
                class="col-6"
              >
                <div
                  class="float-right"
                >
                  <div>
                    <img
                      alt=""
                      class="align"
                      height="20"
                      src="search.png"
                      width="20"
                    />
                  </div>
                </div>
              </div>
            </div>
          </div>
        </nav>
        <main
          class="content"
        >
          <div
            class="row"
          >
            <div
              class="col-md-12"
            />
          </div>
        </main>
      </div>
    </div>
  </div>
</div>
`;
